// Jest Snapshot v1, https://goo.gl/fbAQLP

exports[`Test in GifItem component Should match snapshot 1`] = `
<div>
  <div
    class="card"
  >
    <img
      alt="Titulo"
      src="https://one-punch.com/saitama.jpg"
    />
    <p>
      Titulo
    </p>
  </div>
</div>
`;
